 WARN  Unsupported engine: wanted: {"node":"24.15.0"} (current: {"node":"v24.19.0","pnpm":"10.34.5"})
Lockfile is up to date, resolution step is skipped
Packages: +312
++++++++++++++++++++++++++++++++++++++++++++++++++++++++++++++++++++++++++++++++
Progress: resolved 0, reused 1, downloaded 0, added 0
Progress: resolved 0, reused 261, downloaded 0, added 0
Progress: resolved 0, reused 269, downloaded 0, added 0
Progress: resolved 0, reused 279, downloaded 0, added 0
Progress: resolved 0, reused 283, downloaded 0, added 0
Progress: resolved 0, reused 284, downloaded 0, added 0
Progress: resolved 0, reused 284, downloaded 2, added 0
Progress: resolved 0, reused 284, downloaded 2, added 1
Progress: resolved 0, reused 285, downloaded 3, added 1
Progress: resolved 0, reused 286, downloaded 3, added 1
Progress: resolved 0, reused 286, downloaded 4, added 2
Progress: resolved 0, reused 287, downloaded 4, added 2
Progress: resolved 0, reused 287, downloaded 4, added 3
Progress: resolved 0, reused 288, downloaded 4, added 3
Progress: resolved 0, reused 288, downloaded 5, added 3
Progress: resolved 0, reused 288, downloaded 5, added 4
Progress: resolved 0, reused 288, downloaded 5, added 5
Progress: resolved 0, reused 289, downloaded 5, added 5
Progress: resolved 0, reused 289, downloaded 6, added 5
Progress: resolved 0, reused 289, downloaded 6, added 6
Progress: resolved 0, reused 289, downloaded 7, added 6
Progress: resolved 0, reused 289, downloaded 7, added 7
Progress: resolved 0, reused 289, downloaded 7, added 8
Progress: resolved 0, reused 289, downloaded 7, added 9
Progress: resolved 0, reused 289, downloaded 7, added 10
Progress: resolved 0, reused 289, downloaded 7, added 11
